[zh-tw.facebook.com/index.html]
[backblue.gif]
[fade.gif]
[index.html]
[zh-tw.facebook.com/osd.xml]
[static.xx.fbcdn.net/rsrc.php/v3/yr/l/1,cross/kU8kR35H3qQ.css]
[zh-tw.facebook.com/index4964.html]
[static.xx.fbcdn.net/rsrc.php/v3/yf/l/1,cross/7KJ2i6xQ27a.css]
[static.xx.fbcdn.net/rsrc.php/v3/y7/r/QjOyBCqjh1L.js]
[static.xx.fbcdn.net/rsrc.php/v3/yc/r/GwFs3_KxNjS.png]
[zh-tw.facebook.com/legal/terms/update.html]
[static.xx.fbcdn.net/rsrc.php/v3/yb/r/GsNJNwuI-UM.gif]
[zh-tw.facebook.com/about/privacy/update.html]
[zh-tw.facebook.com/r.html]
[zh-tw.facebook.com/policies/cookies/index.html]
[zh-tw.facebook.com/login/index.html]
[zh-tw.facebook.com/pages/create/indexf949.html]
[zh-tw.facebook.com/lite/index.html]
[zh-tw.facebook.com/mobile/index30c2.html]
[zh-tw.facebook.com/directory/people/index.html]
[zh-tw.facebook.com/directory/pages/index.html]
[zh-tw.facebook.com/places/index.html]
[zh-tw.facebook.com/directory/places/index.html]
[zh-tw.facebook.com/directory/celebrities/index.html]
[zh-tw.facebook.com/directory/marketplace/index.html]
[zh-tw.facebook.com/directory/groups/index.html]
[zh-tw.facebook.com/look/directory/index.html]
[zh-tw.facebook.com/local/lists/245019872666104/index.html]
[zh-tw.facebook.com/facebook.html]
[zh-tw.facebook.com/privacy/explanation.html]
[zh-tw.facebook.com/pages/create/indexebd6.html]
[zh-tw.facebook.com/policies30c2.html]
[zh-tw.facebook.com/careers/index30c2.html]
[zh-tw.facebook.com/allactivity99e1]
[zh-tw.facebook.com/help/index30c2.html]
[connect.facebook.net/security/hsts-pixel.gif]
[zh-tw.facebook.com/SggS]
[zh-tw.facebook.com/24JS]
[zh-tw.facebook.com/qZW+]
[zh-tw.facebook.com/index.html]
[zh-tw.facebook.com/index4964.html]
[static.xx.fbcdn.net/rsrc.php/v3/yL/r/unHwF9CkMyM.png]
[static.xx.fbcdn.net/rsrc.php/v3/yf/r/Itjx0RnmUb3.png]
[static.xx.fbcdn.net/rsrc.php/v3/yT/r/yC2suuoYnao.png]
[static.xx.fbcdn.net/rsrc.php/v3/yY/r/hcIfHWLPkRB.png]
[static.xx.fbcdn.net/rsrc.php/v3/yT/r/NSC0OI8ecJf.png]
[static.xx.fbcdn.net/rsrc.php/v3/yo/r/Iv23J4ZCwP5.png]
[static.xx.fbcdn.net/rsrc.php/v3/yN/r/WgFKRx0VFOG.png]
[static.xx.fbcdn.net/rsrc.php/v3/yS/r/eMDu93Zp2Rg.png]
[static.xx.fbcdn.net/rsrc.php/v3/yU/r/O7nelmd9XSI.png]
[static.xx.fbcdn.net/rsrc.php/v3/y7/r/jZPS9cxhnaa.png]
[static.xx.fbcdn.net/rsrc.php/v3/y8/r/G4pVE8lTU5a.png]
[static.xx.fbcdn.net/rsrc.php/v3/yH/r/yNvz5xtKREW.png]
[static.xx.fbcdn.net/rsrc.php/v3/yy/r/C_ajUOoDyiv.png]
[static.xx.fbcdn.net/rsrc.php/v3/y-/r/AGUNXgX_Wx3.gif]
[static.xx.fbcdn.net/rsrc.php/v3/yG/r/b53Ajb4ihCP.gif]
[static.xx.fbcdn.net/rsrc.php/v3/yV/r/N4CM9eriGaf.png]
[static.xx.fbcdn.net/rsrc.php/v3/yr/l/1,cross/kU8kR35H3qQ.css]
[static.xx.fbcdn.net/rsrc.php/v3/yK/r/9a4ELUaKgl6.png]
[static.xx.fbcdn.net/rsrc.php/v3/yb/r/qt94E91uvnk.png]
[static.xx.fbcdn.net/rsrc.php/v3/yK/r/PVoadHmz34X.png]
[static.xx.fbcdn.net/rsrc.php/v3/yw/r/rlgjEUjSSWK.png]
[static.xx.fbcdn.net/rsrc.php/v3/yn/r/MLZBR-n8e2A.png]
[static.xx.fbcdn.net/rsrc.php/v3/yV/r/XDUpQ0U94hl.png]
[static.xx.fbcdn.net/rsrc.php/v3/y0/r/Cab9uVO3XQI.png]
[static.xx.fbcdn.net/rsrc.php/v3/yB/r/TwAHgQi2ZPB.png]
[static.xx.fbcdn.net/rsrc.php/v3/y2/r/M2JXa_LXYz_.png]
[static.xx.fbcdn.net/rsrc.php/v3/yW/r/wBVUiUEJMG9.png]
[static.xx.fbcdn.net/rsrc.php/v3/y_/r/2u5-_Jf6BmM.png]
[static.xx.fbcdn.net/rsrc.php/v3/yf/l/1,cross/7KJ2i6xQ27a.css]
[zh-tw.facebook.com/^([^_/indexd41d.html]
[zh-tw.facebook.com/GET.35.delayed]
[static.xx.fbcdn.net/rsrc.php/v3/y7/r/QjOyBCqjh1L.js]
[zh-tw.facebook.com/ABCDEFGHIJKLMNOPQRSTUVWXYZabcdefghijklmnopqrstuvwxyz0123456789+/index.html]
[static.xx.fbcdn.net/rsrc.php/v3/yy/l/1,cross/o83uHN1jdzk.css]
[static.xx.fbcdn.net/rsrc.php/v3/yH/l/1,cross/1iJ17iEcssP.css]
[static.xx.fbcdn.net/rsrc.php/v3/yv/l/1,cross/TjW1Q9QmxBi.css]
[static.xx.fbcdn.net/rsrc.php/v3/yN/l/1,cross/tMHsRTXd0CD.css]
[zh-tw.facebook.com/rbb8b.html]
[zh-tw.facebook.com/reg/index.html]
[zh-tw.facebook.com/legal/terms/account-termination.3c.delayed]
[zh-tw.facebook.com/legal/terms/SggS]
[zh-tw.facebook.com/legal/terms/24JS]
[zh-tw.facebook.com/legal/terms/qZW+]
[zh-tw.facebook.com/legal/terms/update.html]
[zh-tw.facebook.com/about/privacy/update.html]
[zh-tw.facebook.com/policies/cookies/www.facebook.com/policy/cookies/printable]
[zh-tw.facebook.com/policies/cookies/www.facebook.com/policy.php]
[zh-tw.facebook.com/policies/cookies/www.facebook.com/legal/terms/update]
[zh-tw.facebook.com/policies/cookies/www.facebook.com/ads/settings]
[zh-tw.facebook.com/policies/cookies/www.facebook.com/about/basics]
[zh-tw.facebook.com/policies/cookies/www.facebook.com/help/1561485474074139]
[static.xx.fbcdn.net/rsrc.php/v3/yx/r/gW9sLpVEPT7.png]
[zh-tw.facebook.com/policies/cookies/www.facebook.com/help/1561485474074139faf2]
[zh-tw.facebook.com/policies/cookies/www.facebook.com/help/111814505650678faf2]
[zh-tw.facebook.com/policies/cookies/www.facebook.com/ads/preferences/edit/index.html]
[zh-tw.facebook.com/policies/cookies/SggS]
[zh-tw.facebook.com/policies/cookies/qZW+]
[zh-tw.facebook.com/policies/cookies/index.html]
[static.xx.fbcdn.net/rsrc.php/v3/yd/l/1,cross/xtIYFo0Nm-q.css]
[static.xx.fbcdn.net/rsrc.php/v3/ys/l/1,cross/2EWBb77o2Hx.css]
[static.xx.fbcdn.net/rsrc.php/v3/yJ/l/1,cross/TOZvdxfcNIQ.css]
[zh-tw.facebook.com/pages/create/SggS]
[zh-tw.facebook.com/pages/create/qZW+]
[zh-tw.facebook.com/pages/create/indexf949.html]
[static.xx.fbcdn.net/rsrc.php/v3/y9/l/1,cross/rCdPdQg5d3l.css]
[zh-tw.facebook.com/r.html]
[static.xx.fbcdn.net/rsrc.php/v3/yS/l/1,cross/81ma5xnGeLq.css]
[zh-tw.facebook.com/re697.html]
[zh-tw.facebook.com/login/SggS]
[zh-tw.facebook.com/login/24JS]
[zh-tw.facebook.com/login/qZW+]
[zh-tw.facebook.com/login/index.html]
[static.xx.fbcdn.net/rsrc.php/v3/yM/l/1,cross/hk9xSHtXcWB.css]
[scontent.fkhh1-1.fna.fbcdn.net/v/t39.2365-6/11891345_543283905820402_1726537124_n7abf.jpg]
[scontent.fkhh1-1.fna.fbcdn.net/v/t39.2365-6/11057043_645942585536385_1622935532_n512f.png]
[static.xx.fbcdn.net/rsrc.php/v3/yL/r/O_TvKdgFk3_.png]
[scontent.fkhh1-1.fna.fbcdn.net/v/t39.2365-6/11057091_834316709957146_226716834_n11a2.png]
[zh-tw.facebook.com/lite/SggS]
[zh-tw.facebook.com/lite/24JS]
[zh-tw.facebook.com/lite/qZW+]
[zh-tw.facebook.com/lite/index.html]
[static.xx.fbcdn.net/rsrc.php/v3/yM/l/1,cross/efSIG26cIUY.css]
[static.xx.fbcdn.net/rsrc.php/v3/y_/l/1,cross/rl1pft8RZHo.css]
[connect.facebook.net/zh_TW/sdk.js]
[scontent.fkhh1-1.fna.fbcdn.net/v/t39.2365-6/851554_1390550551176386_869487809_n6dca.png]
[scontent.fkhh1-1.fna.fbcdn.net/v/t39.2365-6/851580_104928253051160_500815315_nff43.png]
[scontent.fkhh1-1.fna.fbcdn.net/v/t39.2365-6/851562_682611948432647_611308772_n14c9.png]
[zh-tw.facebook.com/mobile/ipad.html]
[zh-tw.facebook.com/mobile/qZW+]
[zh-tw.facebook.com/mobile/index30c2.html]
[static.xx.fbcdn.net/rsrc.php/v3/yt/r/DG0_8FNc35g.js]
[zh-tw.facebook.com/directory/people/SggS.html]
[zh-tw.facebook.com/directory/people/index.html]
[zh-tw.facebook.com/directory/people/24JS.html]
[zh-tw.facebook.com/directory/people/qZW+.html]
[zh-tw.facebook.com/directory/pages/SggS.html]
[zh-tw.facebook.com/directory/pages/24JS.html]
[zh-tw.facebook.com/directory/pages/index.html]
[static.xx.fbcdn.net/rsrc.php/v3/yO/l/1,cross/OCNUNDeC_Qx.css]
[zh-tw.facebook.com/directory/pages/qZW+.html]
[static.xx.fbcdn.net/rsrc.php/v3/y2/l/1,cross/XxKo6Remo6L.css]
[static.xx.fbcdn.net/rsrc.php/v1/yz/r/JuwB2XZxG9M.jpg]
[scontent.fkhh1-1.fna.fbcdn.net/v/t1.0-9/s851x315/20768206_10155703454159489_8384704593283219951_n192c.png]
[scontent.fkhh1-1.fna.fbcdn.net/v/t1.0-1/p50x50/419809_458491847505001_593612629_nc2af.jpg]
[scontent.fkhh1-1.fna.fbcdn.net/v/t1.0-1/p50x50/11081446_10152764774942304_8261924885410064647_n268a.png]
[scontent.fkhh1-1.fna.fbcdn.net/v/t1.0-1/p50x50/12190829_1016221188428005_6407846967481688943_n4b28.jpg]
[zh-tw.facebook.com/places/ke-zai-Dublin-Ohio-cong-shi-de-huo-dong/108164422544464/index.html]
[scontent.fkhh1-1.fna.fbcdn.net/v/t1.0-9/s851x315/26165447_10154931825640163_1069145129271353503_n47bf.jpg]
[scontent.fkhh1-1.fna.fbcdn.net/v/t1.0-1/c1.0.50.50/p50x50/935806_527678547293247_1275537409_n7d55.jpg]
[scontent.fkhh1-1.fna.fbcdn.net/v/t1.0-1/p50x50/12799236_10154084282137474_9112624901098449657_nff99.jpg]
[scontent.fkhh1-1.fna.fbcdn.net/v/t1.0-1/p50x50/395409_520911727940192_1157210067_n44ee.jpg]
[zh-tw.facebook.com/places/ke-zai-zhi-jia-ge-cong-shi-de-huo-dong/108659242498155/index.html]
[scontent.fkhh1-1.fna.fbcdn.net/v/t1.0-9/s851x315/20994089_10155119236209833_454191149435283778_n9692.png]
[scontent.fkhh1-1.fna.fbcdn.net/v/t1.0-1/p50x50/10711087_10152734188972427_1524620541180048420_nb546.jpg]
[scontent.fkhh1-1.fna.fbcdn.net/v/t1.0-1/p50x50/15589504_10154895137999697_2512970333416516040_n4db0.jpg]
[scontent.fkhh1-1.fna.fbcdn.net/v/t1.0-1/p50x50/10444712_836170809759682_8160058088179797370_n8600.jpg]
[zh-tw.facebook.com/places/ke-zai-sheng-de-ya-ge-cong-shi-de-huo-dong/110714572282163/index.html]
[scontent.fkhh1-1.fna.fbcdn.net/v/t1.0-0/p168x128/11828733_1003987026299498_3275150083712613398_n20aa.jpg]
[scontent.fkhh1-1.fna.fbcdn.net/v/t1.0-0/s320x320/11825119_1027082347316462_6072415049857786262_n762b.jpg]
[scontent.fkhh1-1.fna.fbcdn.net/v/t1.0-0/s403x403/11855903_1019141201441974_1450993598605538166_nec59.jpg]
[scontent.fkhh1-1.fna.fbcdn.net/v/t1.0-0/p168x128/11846570_1032675366763200_1764210871194427788_n8aa5.jpg]
[zh-tw.facebook.com/places/ke-zai-ao-lan-duo-cong-shi-de-huo-dong/108288992526695/index.html]
[scontent.fkhh1-1.fna.fbcdn.net/v/t1.0-0/s320x320/12046785_1065787760098618_3166338127959003501_n9bad.jpg]
[scontent.fkhh1-1.fna.fbcdn.net/v/t39.7466-6/p206x206/10000000_405230139676811_675253927_n5078.jpg]
[scontent.fkhh1-1.fna.fbcdn.net/v/t1.0-0/p280x280/530298_295690607170226_1551204472_nc8f0.jpg]
[scontent.fkhh1-1.fna.fbcdn.net/v/t1.0-1/p50x50/23167945_1543424912389640_347579712535308145_nb716.jpg]
[zh-tw.facebook.com/places/ke-zai-East-Earl-Pennsylvania-cong-shi-de-huo-dong/110634112291004/index.html]
[scontent.fkhh1-1.fna.fbcdn.net/v/t1.0-1/p50x50/29573094_2076126032415724_2382141610109498256_nd737.jpg]
[scontent.fkhh1-1.fna.fbcdn.net/v/t1.0-1/p50x50/11951379_1051617041517179_2475497227990336845_na913.jpg]
[scontent.fkhh1-1.fna.fbcdn.net/v/t1.0-9/s851x315/17190971_10155043473224378_6318157636901845640_n5714.png]
[scontent.fkhh1-1.fna.fbcdn.net/v/t1.0-1/p50x50/22730400_1430700993715362_2182079288818151517_ncf19.png]
[zh-tw.facebook.com/places/ke-zai-mai-a-mi-cong-shi-de-huo-dong/110148382341970/index.html]
[scontent.fkhh1-1.fna.fbcdn.net/v/t1.0-1/p50x50/26804490_1759906864027632_9027075884415896745_n6cb6.png]
[scontent.fkhh1-1.fna.fbcdn.net/v/t1.0-1/p50x50/22549638_361172647653518_8271101834259388020_n499e.png]
[scontent.fkhh1-1.fna.fbcdn.net/v/t1.0-9/s851x315/23167866_1834775943202482_7974467016048442453_n137f.png]
[scontent.fkhh1-1.fna.fbcdn.net/v/t1.0-1/p50x50/16712009_1390826780968954_7890296517614159288_n8c3a.jpg]
[zh-tw.facebook.com/places/ke-zai-ao-ke-la-he-ma-shi-cong-shi-de-huo-dong/115650661782482/index.html]
[scontent.fkhh1-1.fna.fbcdn.net/v/t1.0-1/p50x50/28167091_1395558453906220_3477765660019973686_n3861.jpg]
[zh-tw.facebook.com/places/ke-zai-San-Pedro-California-cong-shi-de-huo-dong/112081738810783/index.html]
[scontent.fkhh1-1.fna.fbcdn.net/v/t1.0-1/p50x50/21272426_810041859176224_5118580205267993255_n0dfe.jpg]
[zh-tw.facebook.com/places/ke-zai-er-wan-jia-li-fu-ni-ya-zhou-cong-shi-de-huo-dong/112204368792315/index.html]
[zh-tw.facebook.com/places/ke-zai-la-si-wei-jia-si-cong-shi-de-huo-dong/108081209214649/index.html]
[zh-tw.facebook.com/places/ke-zai-niu-yue-cong-shi-de-huo-dong/108424279189115/index.html]
[zh-tw.facebook.com/places/ke-zai-luo-shan-ji-cong-shi-de-huo-dong/110970792260960/index.html]
[zh-tw.facebook.com/places/ke-zai-mei-guo-cong-shi-de-huo-dong/112463092102121/index.html]
[zh-tw.facebook.com/places/SggS]
[zh-tw.facebook.com/places/ke-zai-sheng-an-dong-ni-ao-cong-shi-de-huo-dong/110297742331680/index.html]
[zh-tw.facebook.com/places/ke-zai-xiu-shi-dun-cong-shi-de-huo-dong/115963528414384/index.html]
[zh-tw.facebook.com/places/ke-zai-jiu-jin-shan-cong-shi-de-huo-dong/114952118516947/index.html]
[zh-tw.facebook.com/places/ke-zai-da-la-si-cong-shi-de-huo-dong/111762725508574/index.html]
[zh-tw.facebook.com/places/24JS]
[zh-tw.facebook.com/places/ke-zai-ya-te-lan-da-cong-shi-de-huo-dong/107991659233606/index.html]
[zh-tw.facebook.com/places/ke-zai-hua-sheng-dun-ge-lun-bi-ya-te-qu-cong-shi-de-huo-dong/110184922344060/index.html]
[zh-tw.facebook.com/places/qZW+]
[zh-tw.facebook.com/places/ke-zai-ao-si-ting-cong-shi-de-huo-dong/106224666074625/index.html]
[zh-tw.facebook.com/places/index.html]
[zh-tw.facebook.com/places/ke-zai-feng-huang-cheng-cong-shi-de-huo-dong/105540216147364/index.html]
[zh-tw.facebook.com/games/index.html]
[zh-tw.facebook.com/places/ke-zai-fei-cheng-cong-shi-de-huo-dong/101881036520836/index.html]
[zh-tw.facebook.com/places/ke-zai-xi-ya-tu-cong-shi-de-huo-dong/110843418940484/index.html]
[zh-tw.facebook.com/places/ke-zai-bo-shi-dun-cong-shi-de-huo-dong/106003956105810/index.html]
[zh-tw.facebook.com/places/ke-zai-tan-pa-fu-luo-li-da-zhou-cong-shi-de-huo-dong/105638029469653/index.html]
[zh-tw.facebook.com/places/ke-zai-dan-fu-cong-shi-de-huo-dong/115590505119035/index.html]
[zh-tw.facebook.com/places/ke-zai-niu-ao-liang-cong-shi-de-huo-dong/106566059380422/index.html]
[zh-tw.facebook.com/places/ke-zai-na-shi-wei-cong-shi-de-huo-dong/106220079409935/index.html]
[zh-tw.facebook.com/places/ke-zai-bo-te-lan-e-lei-gang-zhou-cong-shi-de-huo-dong/112548152092705/index.html]
[zh-tw.facebook.com/places/ke-zai-wo-si-bao-cong-shi-de-huo-dong/114148045261892/index.html]
[zh-tw.facebook.com/places/ke-zai-sha-jia-mian-du-cong-shi-de-huo-dong/105988062765295/index.html]
[zh-tw.facebook.com/places/ke-zai-yin-di-an-na-bo-li-si-cong-shi-de-huo-dong/110419212320033/index.html]
[zh-tw.facebook.com/places/ke-zai-sheng-lu-yi-si-mi-su-li-zhou-cong-shi-de-huo-dong/114639405215273/index.html]
[zh-tw.facebook.com/directory/places/SggS.html]
[zh-tw.facebook.com/places/ke-zai-bu-ai-na-wen-tu-la-hu-cong-shi-de-huo-dong/112090445474804/index.html]
[zh-tw.facebook.com/places/ke-zai-tan-xiang-shan-cong-shi-de-huo-dong/110444738976181/index.html]
[zh-tw.facebook.com/places/ke-zai-xia-luo-te-bei-ka-luo-lai-na-zhou-cong-shi-de-huo-dong/105715936129053/index.html]
[zh-tw.facebook.com/directory/places/24JS.html]
[zh-tw.facebook.com/places/ke-zai-jie-ke-xun-wei-er-cong-shi-de-huo-dong/108127182549256/index.html]
[zh-tw.facebook.com/places/ke-zai-ai-er-pa-suo-cong-shi-de-huo-dong/104081259629164/index.html]
[zh-tw.facebook.com/directory/places/index.html]
[zh-tw.facebook.com/directory/places/qZW+.html]
[zh-tw.facebook.com/places/ke-zai-sheng-he-xi-jia-li-fu-ni-ya-zhou-cong-shi-de-huo-dong/111948542155151/index.html]
[zh-tw.facebook.com/places/ke-zai-an-na-han-jia-li-fu-ni-ya-zhou-cong-shi-de-huo-dong/112449675437281/index.html]
[zh-tw.facebook.com/places/ke-zai-mai-a-mi-hai-tan-cong-shi-de-huo-dong/108260802527498/index.html]
[zh-tw.facebook.com/places/ke-zai-di-te-lu-cong-shi-de-huo-dong/114586701886732/index.html]
[zh-tw.facebook.com/places/ke-zai-ba-er-de-mo-cong-shi-de-huo-dong/112438218775062/index.html]
[zh-tw.facebook.com/places/ke-zai-ge-lun-bu-cong-shi-de-huo-dong/108450559178997/index.html]
[zh-tw.facebook.com/places/ke-zai-man-fei-si-cong-shi-de-huo-dong/103123839728353/index.html]
[zh-tw.facebook.com/places/ke-zai-mi-er-wa-ji-cong-shi-de-huo-dong/1416205875339580/index.html]
[zh-tw.facebook.com/places/ke-zai-kan-sa-si-cheng-cong-shi-de-huo-dong/108591349161413/index.html]
[zh-tw.facebook.com/places/ke-zai-lu-yi-wei-er-cong-shi-de-huo-dong/104006346303593/index.html]
[zh-tw.facebook.com/places/ke-zai-a-ling-dun-cong-shi-de-huo-dong/104146999622524/index.html]
[zh-tw.facebook.com/directory/celebrities/SggS.html]
[zh-tw.facebook.com/directory/celebrities/24JS.html]
[zh-tw.facebook.com/places/ke-zai-pi-zi-bao-cong-shi-de-huo-dong/114943251851302/index.html]
[zh-tw.facebook.com/places/ke-zai-zhang-tan-cong-shi-de-huo-dong/105578279475150/index.html]
[zh-tw.facebook.com/places/ke-zai-ming-ni-ya-bo-li-si-cong-shi-de-huo-dong/106300959405546/index.html]
[zh-tw.facebook.com/directory/celebrities/index.html]
[zh-tw.facebook.com/directory/celebrities/qZW+.html]
[zh-tw.facebook.com/places/ke-zai-lao-de-dai-er-bao-cong-shi-de-huo-dong/107741359248842/index.html]
[zh-tw.facebook.com/places/ke-zai-xin-xin-na-ti-cong-shi-de-huo-dong/108303715857333/index.html]
[zh-tw.facebook.com/places/ke-zai-tai-guo-cong-shi-de-huo-dong/109323655754033/index.html]
[zh-tw.facebook.com/places/ke-zai-man-gu-cong-shi-de-huo-dong/110585945628334/index.html]
[zh-tw.facebook.com/places/ke-zai-qing-mai-cong-shi-de-huo-dong/111591762192643/index.html]
[zh-tw.facebook.com/places/ke-zai-ba-xi-cong-shi-de-huo-dong/105429806157119/index.html]
[zh-tw.facebook.com/places/ke-zai-ku-li-qi-ba-cong-shi-de-huo-dong/106336072738718/index.html]
[zh-tw.facebook.com/places/ke-zai-sheng-bao-luo-cong-shi-de-huo-dong/112047398814697/index.html]
[zh-tw.facebook.com/places/ke-zai-lei-ke-nao-cong-shi-de-huo-dong/110362072324510/index.html]
[zh-tw.facebook.com/places/ke-zai-yin-du-cong-shi-de-huo-dong/109524955741121/index.html]
[zh-tw.facebook.com/places/ke-zai-meng-mai-cong-shi-de-huo-dong/114759761873412/index.html]
[zh-tw.facebook.com/places/ke-zai-ba-xi-li-ya-cong-shi-de-huo-dong/112060958820146/index.html]
[zh-tw.facebook.com/directory/marketplace/SggS.html]
[zh-tw.facebook.com/places/ke-zai-xin-de-li-cong-shi-de-huo-dong/105741049460348/index.html]
[zh-tw.facebook.com/places/ke-zai-jia-er-ge-da-cong-shi-de-huo-dong/108212225873404/index.html]
[zh-tw.facebook.com/places/ke-zai-yin-ni-cong-shi-de-huo-dong/103728359665916/index.html]
[zh-tw.facebook.com/directory/marketplace/24JS.html]
[zh-tw.facebook.com/places/ke-zai-fei-lu-bin-cong-shi-de-huo-dong/104081596294838/index.html]
[zh-tw.facebook.com/places/ke-zai-ying-guo-cong-shi-de-huo-dong/112483542097587/index.html]
[zh-tw.facebook.com/directory/marketplace/index.html]
[zh-tw.facebook.com/directory/marketplace/qZW+.html]
[zh-tw.facebook.com/places/ke-zai-mo-xi-ge-cong-shi-de-huo-dong/109486839070556/index.html]
[zh-tw.facebook.com/places/ke-zai-tu-er-qi-cong-shi-de-huo-dong/112441795436856/index.html]
[zh-tw.facebook.com/places/ke-zai-yi-da-li-cong-shi-de-huo-dong/113396132004585/index.html]
[zh-tw.facebook.com/places/ke-zai-yue-nan-cong-shi-de-huo-dong/108153009209321/index.html]
[zh-tw.facebook.com/places/ke-zai-tai-wan-cong-shi-de-huo-dong/103765676329074/index.html]
[zh-tw.facebook.com/places/ke-zai-ma-lai-xi-ya-cong-shi-de-huo-dong/107674002595670/index.html]
[zh-tw.facebook.com/places/ke-zai-ao-da-li-ya-cong-shi-de-huo-dong/108191385876482/index.html]
[zh-tw.facebook.com/places/ke-zai-de-guo-cong-shi-de-huo-dong/108100019211318/index.html]
[zh-tw.facebook.com/places/ke-zai-ba-ji-si-tan-cong-shi-de-huo-dong/108296905858381/index.html]
[zh-tw.facebook.com/places/ke-zai-fa-guo-cong-shi-de-huo-dong/105604449474183/index.html]
[zh-tw.facebook.com/places/ke-zai-mi-lu-cong-shi-de-huo-dong/111838148832983/index.html]
[zh-tw.facebook.com/places/ke-zai-xi-ban-ya-cong-shi-de-huo-dong/113019615379046/index.html]
[zh-tw.facebook.com/places/ke-zai-ri-ben-cong-shi-de-huo-dong/105672799466531/index.html]
[zh-tw.facebook.com/directory/groups/SggS.html]
[zh-tw.facebook.com/places/ke-zai-jia-na-da-cong-shi-de-huo-dong/107480665948163/index.html]
[zh-tw.facebook.com/places/ke-zai-a-gen-ting-cong-shi-de-huo-dong/103129156394545/index.html]
[zh-tw.facebook.com/places/ke-zai-zhi-li-cong-shi-de-huo-dong/106223819408164/index.html]
[zh-tw.facebook.com/places/ke-zai-luo-ma-ni-ya-cong-shi-de-huo-dong/106076642756874/index.html]
[zh-tw.facebook.com/directory/groups/24JS.html]
[zh-tw.facebook.com/places/ke-zai-ge-lun-bi-ya-cong-shi-de-huo-dong/107808062582712/index.html]
[zh-tw.facebook.com/places/ke-zai-nan-fei-cong-shi-de-huo-dong/113258395352692/index.html]
[zh-tw.facebook.com/directory/groups/qZW+.html]
[zh-tw.facebook.com/places/ke-zai-xi-la-cong-shi-de-huo-dong/106078956090444/index.html]
[zh-tw.facebook.com/directory/groups/index.html]
[zh-tw.facebook.com/places/ke-zai-meng-jia-la-cong-shi-de-huo-dong/109002992458319/index.html]
[zh-tw.facebook.com/places/ke-zai-jian-bu-zhai-cong-shi-de-huo-dong/109379752414911/index.html]
[zh-tw.facebook.com/recipes/index.html]
[zh-tw.facebook.com/places/ke-zai-xin-jia-po-cong-shi-de-huo-dong/105565836144069/index.html]
[zh-tw.facebook.com/places/ke-zai-rui-dian-cong-shi-de-huo-dong/113371425340197/index.html]
[zh-tw.facebook.com/sport/index.html]
[zh-tw.facebook.com/places/ke-zai-ai-ji-cong-shi-de-huo-dong/103984472971800/index.html]
[zh-tw.facebook.com/places/ke-zai-a-la-bo-lian-he-da-gong-guo-cong-shi-de-huo-dong/105821052786102/index.html]
[zh-tw.facebook.com/look/directory/index.html]
[zh-tw.facebook.com/local/lists/245019872666104/index.html]
